// Jest Snapshot v1, https://goo.gl/fbAQLP

exports[`Post should render correctly in "debug" mode 1`] = `
<Row
  bsClass="row"
  className="mb-10 pr-30"
  componentClass="div"
>
  <Modal
    animation={true}
    autoFocus={true}
    backdrop={true}
    bsClass="modal"
    dialogComponentClass={[Function]}
    enforceFocus={true}
    keyboard={true}
    manager={
      ModalManager {
        "add": [Function],
        "containers": Array [],
        "data": Array [],
        "handleContainerOverflow": true,
        "hideSiblingNodes": true,
        "isTopModal": [Function],
        "modals": Array [],
        "remove": [Function],
      }
    }
    onHide={[Function]}
    renderBackdrop={[Function]}
    restoreFocus={true}
    show={false}
  >
    <ModalHeader
      bsClass="modal-header"
      closeButton={true}
      closeLabel="Close"
    >
      <ModalTitle
        bsClass="modal-title"
        componentClass="h4"
        id="modalProfileTitle"
      >
        <span />
        's profile
      </ModalTitle>
    </ModalHeader>
    <ModalBody
      bsClass="modal-body"
      componentClass="div"
    >
      <p
        className="profile-img-text"
      >
        <span
          id="personIcon"
        />
      </p>
      <p>
        <b>
          Full name: 
        </b>
        <span
          id="personName"
        />
      </p>
      <p>
        <b>
          Username: 
        </b>
        <span
          id="personUsername"
        />
      </p>
      <p>
        <b>
          Email: 
        </b>
        <span
          id="personEmail"
        />
      </p>
    </ModalBody>
    <ModalFooter
      bsClass="modal-footer"
      componentClass="div"
    >
      <Button
        active={false}
        block={false}
        bsClass="btn"
        bsStyle="default"
        disabled={false}
        onClick={[Function]}
      >
        Close
      </Button>
    </ModalFooter>
  </Modal>
</Row>
`;
